// Jest Snapshot v1, https://goo.gl/fbAQLP

exports[`default 1`] = `
<div>
  test component
  
  <div
    class="seu-row"
  >
    Test Row 01
  </div>
</div>
`;
