// Jest Snapshot v1, https://goo.gl/fbAQLP

exports[`value.number 1`] = `
<div>
  test component
  
  <span>
    
  </span>
   
  <div
    class="seu-checkbox-group"
  >
    <label
      class="seu-checkbox"
      role="checkbox"
    >
      <span
        class="seu-checkbox__input"
      >
        <span
          class="seu-checkbox__inner"
        />
      </span>
       
      <input
        aria-hidden="false"
        class="seu-checkbox__original"
        type="checkbox"
      />
       
      <span
        class="seu-checkbox__label"
      >
        Shanghai
      </span>
    </label>
    
    <label
      class="seu-checkbox"
      role="checkbox"
    >
      <span
        class="seu-checkbox__input"
      >
        <span
          class="seu-checkbox__inner"
        />
      </span>
       
      <input
        aria-hidden="false"
        class="seu-checkbox__original"
        type="checkbox"
      />
       
      <span
        class="seu-checkbox__label"
      >
        Beijing
      </span>
    </label>
    
    <label
      class="seu-checkbox"
      role="checkbox"
    >
      <span
        class="seu-checkbox__input"
      >
        <span
          class="seu-checkbox__inner"
        />
      </span>
       
      <input
        aria-hidden="false"
        class="seu-checkbox__original"
        type="checkbox"
      />
       
      <span
        class="seu-checkbox__label"
      >
        Guangzhou
      </span>
    </label>
    
     
  </div>
</div>
`;

exports[`value.number 2`] = `
<div>
  test component
  
  <span>
    1
  </span>
   
  <div
    class="seu-checkbox-group"
  >
    <label
      class="seu-checkbox"
      role="checkbox"
    >
      <span
        class="seu-checkbox__input"
      >
        <span
          class="seu-checkbox__inner"
        />
      </span>
       
      <input
        aria-hidden="false"
        class="seu-checkbox__original"
        type="checkbox"
      />
       
      <span
        class="seu-checkbox__label"
      >
        Shanghai
      </span>
    </label>
    
    <label
      class="seu-checkbox"
      role="checkbox"
    >
      <span
        class="seu-checkbox__input"
      >
        <span
          class="seu-checkbox__inner"
        />
      </span>
       
      <input
        aria-hidden="false"
        class="seu-checkbox__original"
        type="checkbox"
      />
       
      <span
        class="seu-checkbox__label"
      >
        Beijing
      </span>
    </label>
    
    <label
      class="seu-checkbox"
      role="checkbox"
    >
      <span
        class="seu-checkbox__input"
      >
        <span
          class="seu-checkbox__inner"
        />
      </span>
       
      <input
        aria-hidden="false"
        class="seu-checkbox__original"
        type="checkbox"
      />
       
      <span
        class="seu-checkbox__label"
      >
        Guangzhou
      </span>
    </label>
    
     
  </div>
</div>
`;

exports[`value.number 3`] = `
<div>
  test component
  
  <span>
    2
  </span>
   
  <div
    class="seu-checkbox-group"
  >
    <label
      class="seu-checkbox"
      role="checkbox"
    >
      <span
        class="seu-checkbox__input"
      >
        <span
          class="seu-checkbox__inner"
        />
      </span>
       
      <input
        aria-hidden="false"
        class="seu-checkbox__original"
        type="checkbox"
      />
       
      <span
        class="seu-checkbox__label"
      >
        Shanghai
      </span>
    </label>
    
    <label
      class="seu-checkbox"
      role="checkbox"
    >
      <span
        class="seu-checkbox__input"
      >
        <span
          class="seu-checkbox__inner"
        />
      </span>
       
      <input
        aria-hidden="false"
        class="seu-checkbox__original"
        type="checkbox"
      />
       
      <span
        class="seu-checkbox__label"
      >
        Beijing
      </span>
    </label>
    
    <label
      class="seu-checkbox"
      role="checkbox"
    >
      <span
        class="seu-checkbox__input"
      >
        <span
          class="seu-checkbox__inner"
        />
      </span>
       
      <input
        aria-hidden="false"
        class="seu-checkbox__original"
        type="checkbox"
      />
       
      <span
        class="seu-checkbox__label"
      >
        Guangzhou
      </span>
    </label>
    
     
  </div>
</div>
`;

exports[`value.number 4`] = `
<div>
  test component
  
  <span>
    3
  </span>
   
  <div
    class="seu-checkbox-group"
  >
    <label
      class="seu-checkbox"
      role="checkbox"
    >
      <span
        class="seu-checkbox__input"
      >
        <span
          class="seu-checkbox__inner"
        />
      </span>
       
      <input
        aria-hidden="false"
        class="seu-checkbox__original"
        type="checkbox"
      />
       
      <span
        class="seu-checkbox__label"
      >
        Shanghai
      </span>
    </label>
    
    <label
      class="seu-checkbox"
      role="checkbox"
    >
      <span
        class="seu-checkbox__input"
      >
        <span
          class="seu-checkbox__inner"
        />
      </span>
       
      <input
        aria-hidden="false"
        class="seu-checkbox__original"
        type="checkbox"
      />
       
      <span
        class="seu-checkbox__label"
      >
        Beijing
      </span>
    </label>
    
    <label
      class="seu-checkbox"
      role="checkbox"
    >
      <span
        class="seu-checkbox__input"
      >
        <span
          class="seu-checkbox__inner"
        />
      </span>
       
      <input
        aria-hidden="false"
        class="seu-checkbox__original"
        type="checkbox"
      />
       
      <span
        class="seu-checkbox__label"
      >
        Guangzhou
      </span>
    </label>
    
     
  </div>
</div>
`;

exports[`value.number 5`] = `
<div>
  test component
  
  <span>
    1,2,3
  </span>
   
  <div
    class="seu-checkbox-group"
  >
    <label
      class="seu-checkbox"
      role="checkbox"
    >
      <span
        class="seu-checkbox__input"
      >
        <span
          class="seu-checkbox__inner"
        />
      </span>
       
      <input
        aria-hidden="false"
        class="seu-checkbox__original"
        type="checkbox"
      />
       
      <span
        class="seu-checkbox__label"
      >
        Shanghai
      </span>
    </label>
    
    <label
      class="seu-checkbox"
      role="checkbox"
    >
      <span
        class="seu-checkbox__input"
      >
        <span
          class="seu-checkbox__inner"
        />
      </span>
       
      <input
        aria-hidden="false"
        class="seu-checkbox__original"
        type="checkbox"
      />
       
      <span
        class="seu-checkbox__label"
      >
        Beijing
      </span>
    </label>
    
    <label
      class="seu-checkbox"
      role="checkbox"
    >
      <span
        class="seu-checkbox__input"
      >
        <span
          class="seu-checkbox__inner"
        />
      </span>
       
      <input
        aria-hidden="false"
        class="seu-checkbox__original"
        type="checkbox"
      />
       
      <span
        class="seu-checkbox__label"
      >
        Guangzhou
      </span>
    </label>
    
     
  </div>
</div>
`;

exports[`value.number 6`] = `
<div>
  test component
  
  <span>
    
  </span>
   
  <div
    class="seu-checkbox-group"
  >
    <label
      class="seu-checkbox"
      role="checkbox"
    >
      <span
        class="seu-checkbox__input"
      >
        <span
          class="seu-checkbox__inner"
        />
      </span>
       
      <input
        aria-hidden="false"
        class="seu-checkbox__original"
        type="checkbox"
      />
       
      <span
        class="seu-checkbox__label"
      >
        Shanghai
      </span>
    </label>
    
    <label
      class="seu-checkbox"
      role="checkbox"
    >
      <span
        class="seu-checkbox__input"
      >
        <span
          class="seu-checkbox__inner"
        />
      </span>
       
      <input
        aria-hidden="false"
        class="seu-checkbox__original"
        type="checkbox"
      />
       
      <span
        class="seu-checkbox__label"
      >
        Beijing
      </span>
    </label>
    
    <label
      class="seu-checkbox"
      role="checkbox"
    >
      <span
        class="seu-checkbox__input"
      >
        <span
          class="seu-checkbox__inner"
        />
      </span>
       
      <input
        aria-hidden="false"
        class="seu-checkbox__original"
        type="checkbox"
      />
       
      <span
        class="seu-checkbox__label"
      >
        Guangzhou
      </span>
    </label>
    
     
  </div>
</div>
`;
