// Jest Snapshot v1, https://goo.gl/fbAQLP

exports[`value 1`] = `
<div>
  test component
  
  <span>
    slot
  </span>
   
  <span>
    group: 
    
  </span>
   
  <div
    class="seu-checkbox-group"
  >
     
    <label
      class="seu-checkbox"
      role="checkbox"
    >
      <input
        aria-hidden="false"
        class="seu-checkbox__original"
        type="checkbox"
      />
       
      <span
        class="seu-checkbox__input"
      >
        <span
          class="seu-checkbox__inner"
        />
      </span>
       
      <span
        class="seu-checkbox__label"
      >
        Shanghai
      </span>
    </label>
     
    <label
      class="seu-checkbox"
      role="checkbox"
    >
      <input
        aria-hidden="false"
        class="seu-checkbox__original"
        type="checkbox"
      />
       
      <span
        class="seu-checkbox__input"
      >
        <span
          class="seu-checkbox__inner"
        />
      </span>
       
      <span
        class="seu-checkbox__label"
      >
        Beijing
      </span>
    </label>
     
    <label
      class="seu-checkbox"
      role="checkbox"
    >
      <input
        aria-hidden="false"
        class="seu-checkbox__original"
        type="checkbox"
      />
       
      <span
        class="seu-checkbox__input"
      >
        <span
          class="seu-checkbox__inner"
        />
      </span>
       
      <span
        class="seu-checkbox__label"
      >
        Guangzhou
      </span>
    </label>
     
    <label
      class="seu-checkbox"
      role="checkbox"
    >
      <input
        aria-hidden="false"
        class="seu-checkbox__original"
        type="checkbox"
      />
       
      <span
        class="seu-checkbox__input"
      >
        <span
          class="seu-checkbox__inner"
        />
      </span>
       
      <span
        class="seu-checkbox__label"
      >
        Shenzhen
      </span>
    </label>
  </div>
</div>
`;

exports[`value 2`] = `
<div>
  test component
  
  <span>
    slot
  </span>
   
  <span>
    group: 
    Shanghai
  </span>
   
  <div
    class="seu-checkbox-group"
  >
     
    <label
      class="seu-checkbox is-checked"
      role="checkbox"
    >
      <input
        aria-hidden="false"
        class="seu-checkbox__original"
        type="checkbox"
      />
       
      <span
        class="seu-checkbox__input is-checked"
      >
        <span
          class="seu-checkbox__inner"
        />
      </span>
       
      <span
        class="seu-checkbox__label"
      >
        Shanghai
      </span>
    </label>
     
    <label
      class="seu-checkbox"
      role="checkbox"
    >
      <input
        aria-hidden="false"
        class="seu-checkbox__original"
        type="checkbox"
      />
       
      <span
        class="seu-checkbox__input"
      >
        <span
          class="seu-checkbox__inner"
        />
      </span>
       
      <span
        class="seu-checkbox__label"
      >
        Beijing
      </span>
    </label>
     
    <label
      class="seu-checkbox"
      role="checkbox"
    >
      <input
        aria-hidden="false"
        class="seu-checkbox__original"
        type="checkbox"
      />
       
      <span
        class="seu-checkbox__input"
      >
        <span
          class="seu-checkbox__inner"
        />
      </span>
       
      <span
        class="seu-checkbox__label"
      >
        Guangzhou
      </span>
    </label>
     
    <label
      class="seu-checkbox"
      role="checkbox"
    >
      <input
        aria-hidden="false"
        class="seu-checkbox__original"
        type="checkbox"
      />
       
      <span
        class="seu-checkbox__input"
      >
        <span
          class="seu-checkbox__inner"
        />
      </span>
       
      <span
        class="seu-checkbox__label"
      >
        Shenzhen
      </span>
    </label>
  </div>
</div>
`;

exports[`value 3`] = `
<div>
  test component
  
  <span>
    slot
  </span>
   
  <span>
    group: 
    Beijing
  </span>
   
  <div
    class="seu-checkbox-group"
  >
     
    <label
      class="seu-checkbox"
      role="checkbox"
    >
      <input
        aria-hidden="false"
        class="seu-checkbox__original"
        type="checkbox"
      />
       
      <span
        class="seu-checkbox__input"
      >
        <span
          class="seu-checkbox__inner"
        />
      </span>
       
      <span
        class="seu-checkbox__label"
      >
        Shanghai
      </span>
    </label>
     
    <label
      class="seu-checkbox is-checked"
      role="checkbox"
    >
      <input
        aria-hidden="false"
        class="seu-checkbox__original"
        type="checkbox"
      />
       
      <span
        class="seu-checkbox__input is-checked"
      >
        <span
          class="seu-checkbox__inner"
        />
      </span>
       
      <span
        class="seu-checkbox__label"
      >
        Beijing
      </span>
    </label>
     
    <label
      class="seu-checkbox"
      role="checkbox"
    >
      <input
        aria-hidden="false"
        class="seu-checkbox__original"
        type="checkbox"
      />
       
      <span
        class="seu-checkbox__input"
      >
        <span
          class="seu-checkbox__inner"
        />
      </span>
       
      <span
        class="seu-checkbox__label"
      >
        Guangzhou
      </span>
    </label>
     
    <label
      class="seu-checkbox"
      role="checkbox"
    >
      <input
        aria-hidden="false"
        class="seu-checkbox__original"
        type="checkbox"
      />
       
      <span
        class="seu-checkbox__input"
      >
        <span
          class="seu-checkbox__inner"
        />
      </span>
       
      <span
        class="seu-checkbox__label"
      >
        Shenzhen
      </span>
    </label>
  </div>
</div>
`;

exports[`value 4`] = `
<div>
  test component
  
  <span>
    slot
  </span>
   
  <span>
    group: 
    Guangzhou
  </span>
   
  <div
    class="seu-checkbox-group"
  >
     
    <label
      class="seu-checkbox"
      role="checkbox"
    >
      <input
        aria-hidden="false"
        class="seu-checkbox__original"
        type="checkbox"
      />
       
      <span
        class="seu-checkbox__input"
      >
        <span
          class="seu-checkbox__inner"
        />
      </span>
       
      <span
        class="seu-checkbox__label"
      >
        Shanghai
      </span>
    </label>
     
    <label
      class="seu-checkbox"
      role="checkbox"
    >
      <input
        aria-hidden="false"
        class="seu-checkbox__original"
        type="checkbox"
      />
       
      <span
        class="seu-checkbox__input"
      >
        <span
          class="seu-checkbox__inner"
        />
      </span>
       
      <span
        class="seu-checkbox__label"
      >
        Beijing
      </span>
    </label>
     
    <label
      class="seu-checkbox is-checked"
      role="checkbox"
    >
      <input
        aria-hidden="false"
        class="seu-checkbox__original"
        type="checkbox"
      />
       
      <span
        class="seu-checkbox__input is-checked"
      >
        <span
          class="seu-checkbox__inner"
        />
      </span>
       
      <span
        class="seu-checkbox__label"
      >
        Guangzhou
      </span>
    </label>
     
    <label
      class="seu-checkbox"
      role="checkbox"
    >
      <input
        aria-hidden="false"
        class="seu-checkbox__original"
        type="checkbox"
      />
       
      <span
        class="seu-checkbox__input"
      >
        <span
          class="seu-checkbox__inner"
        />
      </span>
       
      <span
        class="seu-checkbox__label"
      >
        Shenzhen
      </span>
    </label>
  </div>
</div>
`;

exports[`value 5`] = `
<div>
  test component
  
  <span>
    slot
  </span>
   
  <span>
    group: 
    Shenzhen
  </span>
   
  <div
    class="seu-checkbox-group"
  >
     
    <label
      class="seu-checkbox"
      role="checkbox"
    >
      <input
        aria-hidden="false"
        class="seu-checkbox__original"
        type="checkbox"
      />
       
      <span
        class="seu-checkbox__input"
      >
        <span
          class="seu-checkbox__inner"
        />
      </span>
       
      <span
        class="seu-checkbox__label"
      >
        Shanghai
      </span>
    </label>
     
    <label
      class="seu-checkbox"
      role="checkbox"
    >
      <input
        aria-hidden="false"
        class="seu-checkbox__original"
        type="checkbox"
      />
       
      <span
        class="seu-checkbox__input"
      >
        <span
          class="seu-checkbox__inner"
        />
      </span>
       
      <span
        class="seu-checkbox__label"
      >
        Beijing
      </span>
    </label>
     
    <label
      class="seu-checkbox"
      role="checkbox"
    >
      <input
        aria-hidden="false"
        class="seu-checkbox__original"
        type="checkbox"
      />
       
      <span
        class="seu-checkbox__input"
      >
        <span
          class="seu-checkbox__inner"
        />
      </span>
       
      <span
        class="seu-checkbox__label"
      >
        Guangzhou
      </span>
    </label>
     
    <label
      class="seu-checkbox is-checked"
      role="checkbox"
    >
      <input
        aria-hidden="false"
        class="seu-checkbox__original"
        type="checkbox"
      />
       
      <span
        class="seu-checkbox__input is-checked"
      >
        <span
          class="seu-checkbox__inner"
        />
      </span>
       
      <span
        class="seu-checkbox__label"
      >
        Shenzhen
      </span>
    </label>
  </div>
</div>
`;

exports[`value 6`] = `
<div>
  test component
  
  <span>
    slot
  </span>
   
  <span>
    group: 
    
  </span>
   
  <div
    class="seu-checkbox-group"
  >
     
    <label
      class="seu-checkbox"
      role="checkbox"
    >
      <input
        aria-hidden="false"
        class="seu-checkbox__original"
        type="checkbox"
      />
       
      <span
        class="seu-checkbox__input"
      >
        <span
          class="seu-checkbox__inner"
        />
      </span>
       
      <span
        class="seu-checkbox__label"
      >
        Shanghai
      </span>
    </label>
     
    <label
      class="seu-checkbox"
      role="checkbox"
    >
      <input
        aria-hidden="false"
        class="seu-checkbox__original"
        type="checkbox"
      />
       
      <span
        class="seu-checkbox__input"
      >
        <span
          class="seu-checkbox__inner"
        />
      </span>
       
      <span
        class="seu-checkbox__label"
      >
        Beijing
      </span>
    </label>
     
    <label
      class="seu-checkbox"
      role="checkbox"
    >
      <input
        aria-hidden="false"
        class="seu-checkbox__original"
        type="checkbox"
      />
       
      <span
        class="seu-checkbox__input"
      >
        <span
          class="seu-checkbox__inner"
        />
      </span>
       
      <span
        class="seu-checkbox__label"
      >
        Guangzhou
      </span>
    </label>
     
    <label
      class="seu-checkbox"
      role="checkbox"
    >
      <input
        aria-hidden="false"
        class="seu-checkbox__original"
        type="checkbox"
      />
       
      <span
        class="seu-checkbox__input"
      >
        <span
          class="seu-checkbox__inner"
        />
      </span>
       
      <span
        class="seu-checkbox__label"
      >
        Shenzhen
      </span>
    </label>
  </div>
</div>
`;
