// Jest Snapshot v1, https://goo.gl/fbAQLP

exports[`offset 1`] = `
<div>
  test component
  
  <div
    class="seu-row"
  >
    <div
      class="seu-col seu-col-24 seu-col-offset-3"
    >
      Test Col 03
    </div>
  </div>
</div>
`;
