// Jest Snapshot v1, https://goo.gl/fbAQLP

exports[`border 1`] = `
<div>
  test component
  
  <div
    class="seu-checkbox-group"
  >
    <label
      aria-controls="false"
      aria-disabled="false"
      class="seu-checkbox is-bordered"
      role="checkbox"
    >
      <input
        aria-hidden="false"
        class="seu-checkbox__original"
        type="checkbox"
        value="1"
      />
       
      <span
        class="seu-checkbox__input"
      >
        <span
          class="seu-checkbox__inner"
        />
      </span>
       
      <span
        class="seu-checkbox__label"
      >
        Shanghai
      </span>
    </label>
    
    <label
      aria-controls="false"
      aria-disabled="false"
      class="seu-checkbox is-bordered"
      role="checkbox"
    >
      <input
        aria-hidden="false"
        class="seu-checkbox__original"
        type="checkbox"
        value="2"
      />
       
      <span
        class="seu-checkbox__input"
      >
        <span
          class="seu-checkbox__inner"
        />
      </span>
       
      <span
        class="seu-checkbox__label"
      >
        Beijing
      </span>
    </label>
    
    <label
      aria-controls="false"
      aria-disabled="false"
      class="seu-checkbox is-bordered"
      role="checkbox"
    >
      <input
        aria-hidden="false"
        class="seu-checkbox__original"
        type="checkbox"
        value="3"
      />
       
      <span
        class="seu-checkbox__input"
      >
        <span
          class="seu-checkbox__inner"
        />
      </span>
       
      <span
        class="seu-checkbox__label"
      >
        Guangzhou
      </span>
    </label>
    
     
  </div>
</div>
`;
