// Jest Snapshot v1, https://goo.gl/fbAQLP

exports[`changeEvent 1`] = `
<div>
  test component
  
  <span>
    changedValue:
    undefined
  </span>
   
  <span>
    group:
    
  </span>
   
  <div
    class="seu-checkbox-group"
  >
    <label
      class="seu-checkbox"
      role="checkbox"
    >
      <span
        class="seu-checkbox__input"
      >
        <span
          class="seu-checkbox__inner"
        />
      </span>
       
      <input
        aria-hidden="false"
        class="seu-checkbox__original"
        type="checkbox"
        value="1"
      />
       
      <span
        class="seu-checkbox__label"
      >
        Shanghai
      </span>
    </label>
    
    <label
      class="seu-checkbox"
      role="checkbox"
    >
      <span
        class="seu-checkbox__input"
      >
        <span
          class="seu-checkbox__inner"
        />
      </span>
       
      <input
        aria-hidden="false"
        class="seu-checkbox__original"
        type="checkbox"
        value="2"
      />
       
      <span
        class="seu-checkbox__label"
      >
        Beijing
      </span>
    </label>
    
    <label
      class="seu-checkbox"
      role="checkbox"
    >
      <span
        class="seu-checkbox__input"
      >
        <span
          class="seu-checkbox__inner"
        />
      </span>
       
      <input
        aria-hidden="false"
        class="seu-checkbox__original"
        type="checkbox"
        value="3"
      />
       
      <span
        class="seu-checkbox__label"
      >
        Guangzhou
      </span>
    </label>
    
    <label
      class="seu-checkbox"
      role="checkbox"
    >
      <span
        class="seu-checkbox__input"
      >
        <span
          class="seu-checkbox__inner"
        />
      </span>
       
      <input
        aria-hidden="false"
        class="seu-checkbox__original"
        type="checkbox"
        value="4"
      />
       
      <span
        class="seu-checkbox__label"
      >
        Shenzhen
      </span>
    </label>
    
     
  </div>
</div>
`;

exports[`changeEvent 2`] = `
<div>
  test component
  
  <span>
    changedValue:
    1
  </span>
   
  <span>
    group:
    1
  </span>
   
  <div
    class="seu-checkbox-group"
  >
    <label
      class="seu-checkbox is-checked"
      role="checkbox"
    >
      <span
        class="seu-checkbox__input is-checked"
      >
        <span
          class="seu-checkbox__inner"
        />
      </span>
       
      <input
        aria-hidden="false"
        class="seu-checkbox__original"
        type="checkbox"
        value="1"
      />
       
      <span
        class="seu-checkbox__label"
      >
        Shanghai
      </span>
    </label>
    
    <label
      class="seu-checkbox"
      role="checkbox"
    >
      <span
        class="seu-checkbox__input"
      >
        <span
          class="seu-checkbox__inner"
        />
      </span>
       
      <input
        aria-hidden="false"
        class="seu-checkbox__original"
        type="checkbox"
        value="2"
      />
       
      <span
        class="seu-checkbox__label"
      >
        Beijing
      </span>
    </label>
    
    <label
      class="seu-checkbox"
      role="checkbox"
    >
      <span
        class="seu-checkbox__input"
      >
        <span
          class="seu-checkbox__inner"
        />
      </span>
       
      <input
        aria-hidden="false"
        class="seu-checkbox__original"
        type="checkbox"
        value="3"
      />
       
      <span
        class="seu-checkbox__label"
      >
        Guangzhou
      </span>
    </label>
    
    <label
      class="seu-checkbox"
      role="checkbox"
    >
      <span
        class="seu-checkbox__input"
      >
        <span
          class="seu-checkbox__inner"
        />
      </span>
       
      <input
        aria-hidden="false"
        class="seu-checkbox__original"
        type="checkbox"
        value="4"
      />
       
      <span
        class="seu-checkbox__label"
      >
        Shenzhen
      </span>
    </label>
    
     
  </div>
</div>
`;

exports[`changeEvent 3`] = `
<div>
  test component
  
  <span>
    changedValue:
    1,2
  </span>
   
  <span>
    group:
    1,2
  </span>
   
  <div
    class="seu-checkbox-group"
  >
    <label
      class="seu-checkbox is-checked"
      role="checkbox"
    >
      <span
        class="seu-checkbox__input is-checked"
      >
        <span
          class="seu-checkbox__inner"
        />
      </span>
       
      <input
        aria-hidden="false"
        class="seu-checkbox__original"
        type="checkbox"
        value="1"
      />
       
      <span
        class="seu-checkbox__label"
      >
        Shanghai
      </span>
    </label>
    
    <label
      class="seu-checkbox is-checked"
      role="checkbox"
    >
      <span
        class="seu-checkbox__input is-checked"
      >
        <span
          class="seu-checkbox__inner"
        />
      </span>
       
      <input
        aria-hidden="false"
        class="seu-checkbox__original"
        type="checkbox"
        value="2"
      />
       
      <span
        class="seu-checkbox__label"
      >
        Beijing
      </span>
    </label>
    
    <label
      class="seu-checkbox"
      role="checkbox"
    >
      <span
        class="seu-checkbox__input"
      >
        <span
          class="seu-checkbox__inner"
        />
      </span>
       
      <input
        aria-hidden="false"
        class="seu-checkbox__original"
        type="checkbox"
        value="3"
      />
       
      <span
        class="seu-checkbox__label"
      >
        Guangzhou
      </span>
    </label>
    
    <label
      class="seu-checkbox"
      role="checkbox"
    >
      <span
        class="seu-checkbox__input"
      >
        <span
          class="seu-checkbox__inner"
        />
      </span>
       
      <input
        aria-hidden="false"
        class="seu-checkbox__original"
        type="checkbox"
        value="4"
      />
       
      <span
        class="seu-checkbox__label"
      >
        Shenzhen
      </span>
    </label>
    
     
  </div>
</div>
`;

exports[`changeEvent 4`] = `
<div>
  test component
  
  <span>
    changedValue:
    1,2,3
  </span>
   
  <span>
    group:
    1,2,3
  </span>
   
  <div
    class="seu-checkbox-group"
  >
    <label
      class="seu-checkbox is-checked"
      role="checkbox"
    >
      <span
        class="seu-checkbox__input is-checked"
      >
        <span
          class="seu-checkbox__inner"
        />
      </span>
       
      <input
        aria-hidden="false"
        class="seu-checkbox__original"
        type="checkbox"
        value="1"
      />
       
      <span
        class="seu-checkbox__label"
      >
        Shanghai
      </span>
    </label>
    
    <label
      class="seu-checkbox is-checked"
      role="checkbox"
    >
      <span
        class="seu-checkbox__input is-checked"
      >
        <span
          class="seu-checkbox__inner"
        />
      </span>
       
      <input
        aria-hidden="false"
        class="seu-checkbox__original"
        type="checkbox"
        value="2"
      />
       
      <span
        class="seu-checkbox__label"
      >
        Beijing
      </span>
    </label>
    
    <label
      class="seu-checkbox is-checked"
      role="checkbox"
    >
      <span
        class="seu-checkbox__input is-checked"
      >
        <span
          class="seu-checkbox__inner"
        />
      </span>
       
      <input
        aria-hidden="false"
        class="seu-checkbox__original"
        type="checkbox"
        value="3"
      />
       
      <span
        class="seu-checkbox__label"
      >
        Guangzhou
      </span>
    </label>
    
    <label
      class="seu-checkbox"
      role="checkbox"
    >
      <span
        class="seu-checkbox__input"
      >
        <span
          class="seu-checkbox__inner"
        />
      </span>
       
      <input
        aria-hidden="false"
        class="seu-checkbox__original"
        type="checkbox"
        value="4"
      />
       
      <span
        class="seu-checkbox__label"
      >
        Shenzhen
      </span>
    </label>
    
     
  </div>
</div>
`;

exports[`changeEvent 5`] = `
<div>
  test component
  
  <span>
    changedValue:
    1,2,3,4
  </span>
   
  <span>
    group:
    1,2,3,4
  </span>
   
  <div
    class="seu-checkbox-group"
  >
    <label
      class="seu-checkbox is-checked"
      role="checkbox"
    >
      <span
        class="seu-checkbox__input is-checked"
      >
        <span
          class="seu-checkbox__inner"
        />
      </span>
       
      <input
        aria-hidden="false"
        class="seu-checkbox__original"
        type="checkbox"
        value="1"
      />
       
      <span
        class="seu-checkbox__label"
      >
        Shanghai
      </span>
    </label>
    
    <label
      class="seu-checkbox is-checked"
      role="checkbox"
    >
      <span
        class="seu-checkbox__input is-checked"
      >
        <span
          class="seu-checkbox__inner"
        />
      </span>
       
      <input
        aria-hidden="false"
        class="seu-checkbox__original"
        type="checkbox"
        value="2"
      />
       
      <span
        class="seu-checkbox__label"
      >
        Beijing
      </span>
    </label>
    
    <label
      class="seu-checkbox is-checked"
      role="checkbox"
    >
      <span
        class="seu-checkbox__input is-checked"
      >
        <span
          class="seu-checkbox__inner"
        />
      </span>
       
      <input
        aria-hidden="false"
        class="seu-checkbox__original"
        type="checkbox"
        value="3"
      />
       
      <span
        class="seu-checkbox__label"
      >
        Guangzhou
      </span>
    </label>
    
    <label
      class="seu-checkbox is-checked"
      role="checkbox"
    >
      <span
        class="seu-checkbox__input is-checked"
      >
        <span
          class="seu-checkbox__inner"
        />
      </span>
       
      <input
        aria-hidden="false"
        class="seu-checkbox__original"
        type="checkbox"
        value="4"
      />
       
      <span
        class="seu-checkbox__label"
      >
        Shenzhen
      </span>
    </label>
    
     
  </div>
</div>
`;
