// Jest Snapshot v1, https://goo.gl/fbAQLP

exports[`value.string 1`] = `
<div>
  test component
  
  <span>
    
  </span>
   
  <div
    class="seu-checkbox-group"
  >
    <label
      aria-controls="false"
      aria-disabled="false"
      class="seu-checkbox"
      role="checkbox"
    >
      <input
        aria-hidden="false"
        class="seu-checkbox__original"
        type="checkbox"
        value="1"
      />
       
      <span
        class="seu-checkbox__input"
      >
        <span
          class="seu-checkbox__inner"
        />
      </span>
       
      <span
        class="seu-checkbox__label"
      >
        Shanghai
      </span>
    </label>
    
    <label
      aria-controls="false"
      aria-disabled="false"
      class="seu-checkbox"
      role="checkbox"
    >
      <input
        aria-hidden="false"
        class="seu-checkbox__original"
        type="checkbox"
        value="2"
      />
       
      <span
        class="seu-checkbox__input"
      >
        <span
          class="seu-checkbox__inner"
        />
      </span>
       
      <span
        class="seu-checkbox__label"
      >
        Beijing
      </span>
    </label>
    
    <label
      aria-controls="false"
      aria-disabled="false"
      class="seu-checkbox"
      role="checkbox"
    >
      <input
        aria-hidden="false"
        class="seu-checkbox__original"
        type="checkbox"
        value="3"
      />
       
      <span
        class="seu-checkbox__input"
      >
        <span
          class="seu-checkbox__inner"
        />
      </span>
       
      <span
        class="seu-checkbox__label"
      >
        Guangzhou
      </span>
    </label>
    
     
  </div>
</div>
`;

exports[`value.string 2`] = `
<div>
  test component
  
  <span>
    1
  </span>
   
  <div
    class="seu-checkbox-group"
  >
    <label
      aria-controls="false"
      aria-disabled="false"
      class="seu-checkbox is-checked"
      role="checkbox"
    >
      <input
        aria-hidden="false"
        class="seu-checkbox__original"
        type="checkbox"
        value="1"
      />
       
      <span
        class="seu-checkbox__input is-checked"
      >
        <span
          class="seu-checkbox__inner"
        />
      </span>
       
      <span
        class="seu-checkbox__label"
      >
        Shanghai
      </span>
    </label>
    
    <label
      aria-controls="false"
      aria-disabled="false"
      class="seu-checkbox"
      role="checkbox"
    >
      <input
        aria-hidden="false"
        class="seu-checkbox__original"
        type="checkbox"
        value="2"
      />
       
      <span
        class="seu-checkbox__input"
      >
        <span
          class="seu-checkbox__inner"
        />
      </span>
       
      <span
        class="seu-checkbox__label"
      >
        Beijing
      </span>
    </label>
    
    <label
      aria-controls="false"
      aria-disabled="false"
      class="seu-checkbox"
      role="checkbox"
    >
      <input
        aria-hidden="false"
        class="seu-checkbox__original"
        type="checkbox"
        value="3"
      />
       
      <span
        class="seu-checkbox__input"
      >
        <span
          class="seu-checkbox__inner"
        />
      </span>
       
      <span
        class="seu-checkbox__label"
      >
        Guangzhou
      </span>
    </label>
    
     
  </div>
</div>
`;

exports[`value.string 3`] = `
<div>
  test component
  
  <span>
    2
  </span>
   
  <div
    class="seu-checkbox-group"
  >
    <label
      aria-controls="false"
      aria-disabled="false"
      class="seu-checkbox"
      role="checkbox"
    >
      <input
        aria-hidden="false"
        class="seu-checkbox__original"
        type="checkbox"
        value="1"
      />
       
      <span
        class="seu-checkbox__input"
      >
        <span
          class="seu-checkbox__inner"
        />
      </span>
       
      <span
        class="seu-checkbox__label"
      >
        Shanghai
      </span>
    </label>
    
    <label
      aria-controls="false"
      aria-disabled="false"
      class="seu-checkbox is-checked"
      role="checkbox"
    >
      <input
        aria-hidden="false"
        class="seu-checkbox__original"
        type="checkbox"
        value="2"
      />
       
      <span
        class="seu-checkbox__input is-checked"
      >
        <span
          class="seu-checkbox__inner"
        />
      </span>
       
      <span
        class="seu-checkbox__label"
      >
        Beijing
      </span>
    </label>
    
    <label
      aria-controls="false"
      aria-disabled="false"
      class="seu-checkbox"
      role="checkbox"
    >
      <input
        aria-hidden="false"
        class="seu-checkbox__original"
        type="checkbox"
        value="3"
      />
       
      <span
        class="seu-checkbox__input"
      >
        <span
          class="seu-checkbox__inner"
        />
      </span>
       
      <span
        class="seu-checkbox__label"
      >
        Guangzhou
      </span>
    </label>
    
     
  </div>
</div>
`;

exports[`value.string 4`] = `
<div>
  test component
  
  <span>
    3
  </span>
   
  <div
    class="seu-checkbox-group"
  >
    <label
      aria-controls="false"
      aria-disabled="false"
      class="seu-checkbox"
      role="checkbox"
    >
      <input
        aria-hidden="false"
        class="seu-checkbox__original"
        type="checkbox"
        value="1"
      />
       
      <span
        class="seu-checkbox__input"
      >
        <span
          class="seu-checkbox__inner"
        />
      </span>
       
      <span
        class="seu-checkbox__label"
      >
        Shanghai
      </span>
    </label>
    
    <label
      aria-controls="false"
      aria-disabled="false"
      class="seu-checkbox"
      role="checkbox"
    >
      <input
        aria-hidden="false"
        class="seu-checkbox__original"
        type="checkbox"
        value="2"
      />
       
      <span
        class="seu-checkbox__input"
      >
        <span
          class="seu-checkbox__inner"
        />
      </span>
       
      <span
        class="seu-checkbox__label"
      >
        Beijing
      </span>
    </label>
    
    <label
      aria-controls="false"
      aria-disabled="false"
      class="seu-checkbox is-checked"
      role="checkbox"
    >
      <input
        aria-hidden="false"
        class="seu-checkbox__original"
        type="checkbox"
        value="3"
      />
       
      <span
        class="seu-checkbox__input is-checked"
      >
        <span
          class="seu-checkbox__inner"
        />
      </span>
       
      <span
        class="seu-checkbox__label"
      >
        Guangzhou
      </span>
    </label>
    
     
  </div>
</div>
`;

exports[`value.string 5`] = `
<div>
  test component
  
  <span>
    1,2,3
  </span>
   
  <div
    class="seu-checkbox-group"
  >
    <label
      aria-controls="false"
      aria-disabled="false"
      class="seu-checkbox is-checked"
      role="checkbox"
    >
      <input
        aria-hidden="false"
        class="seu-checkbox__original"
        type="checkbox"
        value="1"
      />
       
      <span
        class="seu-checkbox__input is-checked"
      >
        <span
          class="seu-checkbox__inner"
        />
      </span>
       
      <span
        class="seu-checkbox__label"
      >
        Shanghai
      </span>
    </label>
    
    <label
      aria-controls="false"
      aria-disabled="false"
      class="seu-checkbox is-checked"
      role="checkbox"
    >
      <input
        aria-hidden="false"
        class="seu-checkbox__original"
        type="checkbox"
        value="2"
      />
       
      <span
        class="seu-checkbox__input is-checked"
      >
        <span
          class="seu-checkbox__inner"
        />
      </span>
       
      <span
        class="seu-checkbox__label"
      >
        Beijing
      </span>
    </label>
    
    <label
      aria-controls="false"
      aria-disabled="false"
      class="seu-checkbox is-checked"
      role="checkbox"
    >
      <input
        aria-hidden="false"
        class="seu-checkbox__original"
        type="checkbox"
        value="3"
      />
       
      <span
        class="seu-checkbox__input is-checked"
      >
        <span
          class="seu-checkbox__inner"
        />
      </span>
       
      <span
        class="seu-checkbox__label"
      >
        Guangzhou
      </span>
    </label>
    
     
  </div>
</div>
`;

exports[`value.string 6`] = `
<div>
  test component
  
  <span>
    
  </span>
   
  <div
    class="seu-checkbox-group"
  >
    <label
      aria-controls="false"
      aria-disabled="false"
      class="seu-checkbox"
      role="checkbox"
    >
      <input
        aria-hidden="false"
        class="seu-checkbox__original"
        type="checkbox"
        value="1"
      />
       
      <span
        class="seu-checkbox__input"
      >
        <span
          class="seu-checkbox__inner"
        />
      </span>
       
      <span
        class="seu-checkbox__label"
      >
        Shanghai
      </span>
    </label>
    
    <label
      aria-controls="false"
      aria-disabled="false"
      class="seu-checkbox"
      role="checkbox"
    >
      <input
        aria-hidden="false"
        class="seu-checkbox__original"
        type="checkbox"
        value="2"
      />
       
      <span
        class="seu-checkbox__input"
      >
        <span
          class="seu-checkbox__inner"
        />
      </span>
       
      <span
        class="seu-checkbox__label"
      >
        Beijing
      </span>
    </label>
    
    <label
      aria-controls="false"
      aria-disabled="false"
      class="seu-checkbox"
      role="checkbox"
    >
      <input
        aria-hidden="false"
        class="seu-checkbox__original"
        type="checkbox"
        value="3"
      />
       
      <span
        class="seu-checkbox__input"
      >
        <span
          class="seu-checkbox__inner"
        />
      </span>
       
      <span
        class="seu-checkbox__label"
      >
        Guangzhou
      </span>
    </label>
    
     
  </div>
</div>
`;
